2026-07-27T08:26:20.367837Z  INFO herdr::logging: herdr starting event="app.startup" subsystem="client" outcome="started" pid=6619
2026-07-27T08:26:20.367884Z  INFO herdr::client: connecting to server path=/Users/nadav/.config/herdr/herdr-client.sock
2026-07-27T08:26:20.600268Z  INFO herdr::client: handshake succeeded version=17 encoding=SemanticFrame
2026-07-27T08:27:08.519889Z  WARN herdr::raw_input: flushing lone escape after input timeout; if this follows an alt chord or focus switch it may reach the pane as plain esc bytes=[27]
2026-07-27T08:27:08.520122Z  WARN herdr::raw_input: flushing lone escape after input timeout; if this follows an alt chord or focus switch it may reach the pane as plain esc bytes=[27]
2026-07-27T08:27:08.922272Z  WARN herdr::raw_input: flushing lone escape after input timeout; if this follows an alt chord or focus switch it may reach the pane as plain esc bytes=[27]
2026-07-27T08:27:08.922398Z  WARN herdr::raw_input: flushing lone escape after input timeout; if this follows an alt chord or focus switch it may reach the pane as plain esc bytes=[27]
2026-07-27T08:27:09.271549Z  WARN herdr::raw_input: flushing lone escape after input timeout; if this follows an alt chord or focus switch it may reach the pane as plain esc bytes=[27]
2026-07-27T08:27:09.271704Z  WARN herdr::raw_input: flushing lone escape after input timeout; if this follows an alt chord or focus switch it may reach the pane as plain esc bytes=[27]
2026-07-27T08:27:26.215994Z  INFO herdr::logging: herdr exiting event="app.shutdown" subsystem="client" outcome="completed" pid=6619
2026-08-09T18:37:04.786661Z  INFO herdr::logging: herdr starting event="app.startup" subsystem="client" outcome="started" pid=35467
2026-08-09T18:37:04.786924Z  INFO herdr::client: connecting to server path=/Users/nadav/.config/herdr/herdr-client.sock
2026-08-09T18:37:04.912794Z  INFO herdr::client: handshake succeeded version=17 encoding=SemanticFrame
2026-08-09T18:37:14.699876Z  INFO herdr::logging: herdr exiting event="app.shutdown" subsystem="client" outcome="completed" pid=35467
2026-09-07T22:40:26.500080Z  INFO herdr::logging: herdr starting event="app.startup" subsystem="client" outcome="started" pid=49055
2026-09-07T22:40:26.500155Z  INFO herdr::client: connecting to server path=/Users/nadav/.config/herdr/herdr-client.sock
2026-09-07T22:40:26.720436Z  INFO herdr::client: handshake succeeded version=17 encoding=SemanticFrame
2026-09-13T20:52:04.454759Z  INFO herdr::logging: herdr starting event="app.startup" subsystem="client" outcome="started" pid=62562
2026-09-13T20:52:04.454998Z  INFO herdr::client: connecting to server path=/Users/nadav/.config/herdr/herdr-client.sock
2026-09-13T20:52:04.704042Z  INFO herdr::client: handshake succeeded version=17 encoding=SemanticFrame
2026-09-13T20:52:21.140171Z  INFO herdr::logging: herdr starting event="app.startup" subsystem="client" outcome="started" pid=62664
2026-09-13T20:52:21.140232Z  INFO herdr::client: connecting to server path=/Users/nadav/.config/herdr/herdr-client.sock
2026-09-13T20:52:21.198535Z  INFO herdr::client: handshake succeeded version=17 encoding=SemanticFrame
2026-09-13T20:54:43.296565Z  INFO herdr::logging: herdr starting event="app.startup" subsystem="client" outcome="started" pid=63045
2026-09-13T20:54:43.296600Z  INFO herdr::client: connecting to server path=/Users/nadav/.config/herdr/herdr-client.sock
2026-09-13T20:54:43.353437Z  INFO herdr::client: handshake succeeded version=17 encoding=SemanticFrame
2026-09-13T20:55:35.952062Z  INFO herdr::logging: herdr exiting event="app.shutdown" subsystem="client" outcome="completed" pid=62664
2026-09-13T20:55:56.046588Z  INFO herdr::logging: herdr starting event="app.startup" subsystem="client" outcome="started" pid=63472
2026-09-13T20:55:56.046625Z  INFO herdr::client: connecting to server path=/Users/nadav/.config/herdr/herdr-client.sock
2026-09-13T20:55:56.227736Z  INFO herdr::client: handshake succeeded version=17 encoding=SemanticFrame
2026-09-13T20:56:02.960664Z  INFO herdr::logging: herdr exiting event="app.shutdown" subsystem="client" outcome="completed" pid=63472
2026-09-15T06:19:16.595113Z  INFO herdr::logging: herdr starting event="app.startup" subsystem="client" outcome="started" pid=75415
2026-09-15T06:19:16.595301Z  INFO herdr::client: connecting to server path=/Users/nadav/.config/herdr/herdr-client.sock
2026-09-15T06:19:16.834727Z  INFO herdr::client::handshake: endpoint handshake succeeded generation=1 server_version=0.9.0
2026-09-15T06:19:24.097769Z  INFO herdr::logging: herdr exiting event="app.shutdown" subsystem="client" outcome="completed" pid=75415
2026-09-15T06:21:02.521390Z  INFO herdr::logging: herdr starting event="app.startup" subsystem="client" outcome="started" pid=76012
2026-09-15T06:21:02.521445Z  INFO herdr::client: connecting to server path=/Users/nadav/.config/herdr/herdr-client.sock
2026-09-15T06:21:02.584324Z  INFO herdr::client::handshake: endpoint handshake succeeded generation=1 server_version=0.9.0
2026-09-15T06:44:09.571359Z  INFO herdr::logging: herdr starting event="app.startup" subsystem="client" outcome="started" pid=76915
2026-09-15T06:44:09.571568Z  INFO herdr::client: connecting to server path=/Users/nadav/.config/herdr/herdr-client.sock
2026-09-15T06:44:09.671006Z  INFO herdr::client::handshake: endpoint handshake succeeded generation=1 server_version=0.9.0
2026-09-15T06:44:44.596951Z  INFO herdr::logging: herdr starting event="app.startup" subsystem="client" outcome="started" pid=76968
2026-09-15T06:44:44.596977Z  INFO herdr::client: connecting to server path=/Users/nadav/.config/herdr/herdr-client.sock
2026-09-15T06:44:44.718929Z  INFO herdr::client::handshake: endpoint handshake succeeded generation=1 server_version=0.9.0
2026-09-15T06:44:48.275770Z  INFO herdr::logging: herdr exiting event="app.shutdown" subsystem="client" outcome="completed" pid=76968
2026-09-15T06:44:57.820748Z  INFO herdr::logging: herdr exiting event="app.shutdown" subsystem="client" outcome="completed" pid=76915
2026-09-15T06:45:01.878643Z  INFO herdr::logging: herdr exiting event="app.shutdown" subsystem="client" outcome="completed" pid=76012
2026-09-15T06:46:18.224852Z  INFO herdr::logging: herdr starting event="app.startup" subsystem="client" outcome="started" pid=77205
2026-09-15T06:46:18.224897Z  INFO herdr::client: connecting to server path=/Users/nadav/.config/herdr/herdr-client.sock
2026-09-15T06:46:18.249422Z  INFO herdr::client::handshake: endpoint handshake succeeded generation=1 server_version=0.9.0
2026-09-15T06:46:20.040100Z  INFO herdr::logging: herdr exiting event="app.shutdown" subsystem="client" outcome="completed" pid=77205
2026-09-15T06:47:17.135578Z  INFO herdr::logging: herdr starting event="app.startup" subsystem="client" outcome="started" pid=77225
2026-09-15T06:47:17.135651Z  INFO herdr::client: connecting to server path=/Users/nadav/.config/herdr/herdr-client.sock
2026-09-15T06:47:17.218274Z  INFO herdr::client::handshake: endpoint handshake succeeded generation=1 server_version=0.9.0
2026-09-15T07:02:36.060655Z  INFO herdr::client: client terminal unavailable; detaching err=Inappropriate ioctl for device (os error 25)
2026-09-15T07:02:36.062994Z  INFO herdr::logging: herdr exiting event="app.shutdown" subsystem="client" outcome="completed" pid=77225
2026-09-20T22:00:13.538407Z  INFO herdr::logging: herdr starting event="app.startup" subsystem="client" outcome="started" pid=2517
2026-09-20T22:00:13.538575Z  INFO herdr::client: connecting to server path=/Users/nadav/.config/herdr/herdr-client.sock
2026-09-20T22:00:13.781429Z  INFO herdr::client::handshake: endpoint handshake succeeded generation=1 server_version=0.9.0
2026-09-22T17:33:03.694393Z  INFO herdr::logging: herdr exiting event="app.shutdown" subsystem="client" outcome="completed" pid=2517
2026-10-03T22:59:53.406924Z  INFO herdr::logging: herdr starting event="app.startup" subsystem="client" outcome="started" pid=29756
2026-10-03T22:59:53.407130Z  INFO herdr::client: connecting to server path=/Users/nadav/.config/herdr/herdr-client.sock
2026-10-03T22:59:53.613486Z  INFO herdr::client::handshake: endpoint handshake succeeded generation=1 server_version=0.9.0
2026-10-04T09:02:10.987751Z  INFO herdr::client: client terminal unavailable; detaching err=Inappropriate ioctl for device (os error 25)
2026-10-04T09:02:10.988807Z  INFO herdr::logging: herdr exiting event="app.shutdown" subsystem="client" outcome="completed" pid=29756
2026-10-06T05:22:39.406339Z  INFO herdr::logging: herdr starting event="app.startup" subsystem="client" outcome="started" pid=55511
2026-10-06T05:22:39.406490Z  INFO herdr::client: connecting to server path=/Users/nadav/.config/herdr/herdr-client.sock
2026-10-06T05:22:39.541256Z  INFO herdr::client::handshake: endpoint handshake succeeded generation=1 server_version=0.9.0
2026-10-06T05:22:42.704878Z  INFO herdr::logging: herdr exiting event="app.shutdown" subsystem="client" outcome="completed" pid=55511
2026-10-06T05:23:26.113145Z  INFO herdr::logging: herdr starting event="app.startup" subsystem="client" outcome="started" pid=55595
2026-10-06T05:23:26.113171Z  INFO herdr::client: connecting to server path=/Users/nadav/.config/herdr/herdr-client.sock
2026-10-06T05:23:26.251241Z  INFO herdr::client::handshake: endpoint handshake succeeded generation=1 server_version=0.9.0
2026-10-06T05:23:32.508890Z  INFO herdr::logging: herdr exiting event="app.shutdown" subsystem="client" outcome="completed" pid=55595
2026-10-06T06:15:20.920593Z  INFO herdr::logging: herdr starting event="app.startup" subsystem="client" outcome="started" pid=90765
2026-10-06T06:15:20.920825Z  INFO herdr::client: connecting to server path=/Users/nadav/.config/herdr/herdr-client.sock
2026-10-06T06:15:21.036114Z  INFO herdr::client::handshake: endpoint handshake succeeded generation=1 server_version=0.9.0
2026-10-06T06:15:33.166131Z  INFO herdr::logging: herdr exiting event="app.shutdown" subsystem="client" outcome="completed" pid=90765
2026-10-06T06:17:07.553288Z  WARN herdr::app: unknown theme, falling back theme="catppuccin-frappe" fallback="catppuccin"
2026-10-06T06:17:07.553387Z  INFO herdr::logging: herdr starting event="app.startup" subsystem="client" outcome="started" pid=91615
2026-10-06T06:17:07.553397Z  INFO herdr::client: connecting to server path=/Users/nadav/.config/herdr/herdr-client.sock
2026-10-06T06:17:07.559927Z  INFO herdr::client::handshake: endpoint handshake succeeded generation=1 server_version=0.9.0
2026-10-06T06:17:07.565809Z  WARN herdr::app: unknown theme, falling back theme="catppuccin-frappe" fallback="catppuccin"
2026-10-06T06:17:07.575846Z  WARN herdr::app: unknown theme, falling back theme="catppuccin-frappe" fallback="catppuccin"
2026-10-06T06:17:07.576845Z  WARN herdr::app: unknown theme, falling back theme="catppuccin-frappe" fallback="catppuccin"
2026-10-06T06:17:17.046202Z  INFO herdr::logging: herdr exiting event="app.shutdown" subsystem="client" outcome="completed" pid=91615
2026-10-06T06:17:42.278053Z  WARN herdr::app: unknown theme, falling back theme="catppuccin-frappe" fallback="catppuccin"
2026-10-06T06:17:42.278150Z  INFO herdr::logging: herdr starting event="app.startup" subsystem="client" outcome="started" pid=92428
2026-10-06T06:17:42.278158Z  INFO herdr::client: connecting to server path=/Users/nadav/.config/herdr/herdr-client.sock
2026-10-06T06:17:42.467182Z  INFO herdr::client::handshake: endpoint handshake succeeded generation=1 server_version=0.9.0
2026-10-06T06:17:42.479375Z  WARN herdr::app: unknown theme, falling back theme="catppuccin-frappe" fallback="catppuccin"
2026-10-06T06:17:42.490236Z  WARN herdr::app: unknown theme, falling back theme="catppuccin-frappe" fallback="catppuccin"
2026-10-06T06:17:42.491184Z  WARN herdr::app: unknown theme, falling back theme="catppuccin-frappe" fallback="catppuccin"
2026-10-06T06:17:48.579364Z  INFO herdr::logging: herdr exiting event="app.shutdown" subsystem="client" outcome="completed" pid=92428
2026-10-06T06:18:34.193264Z  INFO herdr::logging: herdr starting event="app.startup" subsystem="client" outcome="started" pid=93240
2026-10-06T06:18:34.193301Z  INFO herdr::client: connecting to server path=/Users/nadav/.config/herdr/herdr-client.sock
2026-10-06T06:18:34.391784Z  INFO herdr::client::handshake: endpoint handshake succeeded generation=1 server_version=0.9.0
2026-10-06T06:28:43.486762Z  INFO herdr::logging: herdr exiting event="app.shutdown" subsystem="client" outcome="completed" pid=93240
